src/components/MerchantSidebar.tsx(69,11): error TS17014: JSX fragment has no corresponding closing tag.
src/components/MerchantSidebar.tsx(185,1): error TS1381: Unexpected token. Did you mean `{'}'}` or `&rbrace;`?
src/components/MerchantSidebar.tsx(186,1): error TS1005: '</' expected.
